2026-05-07 11:49:00,070 | INFO | Crypto Alert Service started
2026-05-07 11:49:00,070 | INFO | Fetching prices...
2026-05-07 11:49:00,172 | INFO | Prices fetched: {'bitcoin': Decimal('81578.79572181006'), 'ethereum': Decimal('2345.549102913975'), 'celestia': Decimal('0.3864921861143479'), 'litecoin': Decimal('57.09454332390012')}
2026-05-07 11:49:00,175 | WARNING | 🚨 ₿ BTC price ABOVE 80977.00

Current price BTC: 81578.80 USD
2026-05-07 11:49:04,699 | WARNING | 🚨 Ξ ETH price ABOVE 2322.00

Current price ETH: 2345.55 USD
2026-05-07 11:49:07,663 | WARNING | 🚨 Ł LTC price ABOVE 57.00

Current price LTC: 57.09 USD
2026-05-07 11:49:10,621 | INFO | Sleeping for 60 seconds...
2026-05-08 09:46:09,776 | INFO | Crypto Alert Service started
2026-05-08 09:46:09,776 | INFO | Fetching prices...
2026-05-08 09:46:09,904 | INFO | Prices fetched: {'bitcoin': Decimal('79726.77261240387'), 'ethereum': Decimal('2282.708609055165'), 'celestia': Decimal('0.3989382077130309'), 'litecoin': Decimal('56.57781752171433')}
2026-05-08 09:46:09,914 | WARNING | 
🚨 ₿ BTC price ABOVE 79722.00

Current price BTC: 79726.77 USD

2026-05-08 09:46:13,995 | INFO | Sleeping for 60 seconds...
2026-05-08 09:47:13,995 | INFO | Fetching prices...
2026-05-08 09:47:14,042 | INFO | Prices fetched: {'bitcoin': Decimal('79749.34189191854'), 'ethereum': Decimal('2283.103134757505'), 'celestia': Decimal('0.399528902360261'), 'litecoin': Decimal('56.59182803321549')}
2026-05-08 09:47:14,051 | INFO | Sleeping for 60 seconds...
2026-05-08 09:47:37,612 | INFO | Crypto Alert Service started
2026-05-08 09:47:37,612 | INFO | Fetching prices...
2026-05-08 09:47:37,732 | INFO | Prices fetched: {'bitcoin': Decimal('79749.34189191854'), 'ethereum': Decimal('2283.103134757505'), 'celestia': Decimal('0.399528902360261'), 'litecoin': Decimal('56.59182803321549')}
2026-05-08 09:47:37,749 | INFO | Sleeping for 60 seconds...
2026-05-08 09:48:20,094 | INFO | Crypto Alert Service started
2026-05-08 09:48:20,095 | INFO | Fetching prices...
2026-05-08 09:48:20,142 | ERROR | Loop error: API error: 429
2026-05-08 09:48:20,143 | WARNING | Rate limit hit. Increasing interval to 120 seconds
2026-08-28 11:38:01,568 | INFO | Crypto Alert Service started
2026-08-28 11:38:01,568 | INFO | Fetching prices...
2026-08-28 11:38:02,158 | INFO | Prices fetched: {'bitcoin': Decimal('79720.73619793184'), 'ethereum': Decimal('2497.1113864703084'), 'celestia': Decimal('0.3529876802584373'), 'litecoin': Decimal('49.23793376825208')}
2026-08-28 11:38:02,167 | WARNING | 🚨 ₿ BTC price ABOVE 79690.00

Current price BTC: 79720.74 USD
2026-08-28 11:38:07,492 | WARNING | 🚨 Ξ ETH price ABOVE 2285.00

Current price ETH: 2497.11 USD
2026-08-28 11:38:10,930 | WARNING | 🚨 🔹 TIA price BELOW 0.38

Current price TIA: 0.35 USD
2026-08-28 11:38:14,758 | WARNING | 🚨 Ł LTC price BELOW 56.00

Current price LTC: 49.24 USD
2026-08-28 11:38:23,299 | INFO | Sleeping for 60 seconds...
2026-08-28 11:39:23,304 | INFO | Fetching prices...
2026-08-28 11:39:23,864 | INFO | Prices fetched: {'bitcoin': Decimal('79700.57590806566'), 'ethereum': Decimal('2496.700047304165'), 'celestia': Decimal('0.35296119151887917'), 'litecoin': Decimal('49.231246975507084')}
2026-08-28 11:39:23,874 | INFO | Sleeping for 60 seconds...
2026-08-28 11:40:23,883 | INFO | Fetching prices...
2026-08-28 11:40:25,100 | INFO | Prices fetched: {'bitcoin': Decimal('79698.38615685882'), 'ethereum': Decimal('2496.603357352015'), 'celestia': Decimal('0.3530201657895861'), 'litecoin': Decimal('49.228105054804224')}
2026-08-28 11:40:25,105 | INFO | Sleeping for 60 seconds...
2026-08-28 11:41:25,106 | INFO | Fetching prices...
2026-08-28 11:41:25,489 | INFO | Prices fetched: {'bitcoin': Decimal('79688.69558981703'), 'ethereum': Decimal('2496.6326993387956'), 'celestia': Decimal('0.35317750688395444'), 'litecoin': Decimal('49.215795263988625')}
2026-08-28 11:41:25,505 | INFO | Sleeping for 60 seconds...
2026-08-28 11:42:25,512 | INFO | Fetching prices...
2026-08-28 11:42:25,869 | INFO | Prices fetched: {'bitcoin': Decimal('79689.71002736366'), 'ethereum': Decimal('2496.697095538815'), 'celestia': Decimal('0.35324570199868277'), 'litecoin': Decimal('49.21698539788386')}
2026-08-28 11:42:25,884 | INFO | Sleeping for 60 seconds...
2026-08-28 11:43:25,893 | INFO | Fetching prices...
2026-08-28 11:43:26,237 | INFO | Prices fetched: {'bitcoin': Decimal('79672.31613141917'), 'ethereum': Decimal('2496.5357772626758'), 'celestia': Decimal('0.35338994321269207'), 'litecoin': Decimal('49.21267909218238')}
2026-08-28 11:43:26,251 | WARNING | 🚨 ₿ BTC price BELOW 79679.00

Current price BTC: 79672.32 USD
2026-08-28 11:43:30,402 | INFO | Sleeping for 60 seconds...
2026-08-28 11:44:30,409 | INFO | Fetching prices...
2026-08-28 11:44:30,751 | INFO | Prices fetched: {'bitcoin': Decimal('79631.04500832467'), 'ethereum': Decimal('2496.5688371031583'), 'celestia': Decimal('0.3533383077243831'), 'litecoin': Decimal('49.18939612429887')}
2026-08-28 11:44:30,765 | INFO | Sleeping for 60 seconds...
2026-08-28 11:45:30,761 | INFO | Fetching prices...
2026-08-28 11:45:31,164 | INFO | Prices fetched: {'bitcoin': Decimal('79620.14500249625'), 'ethereum': Decimal('2496.4339790900876'), 'celestia': Decimal('0.3533802723735119'), 'litecoin': Decimal('49.196708852960604')}
2026-08-28 11:45:31,186 | INFO | Sleeping for 60 seconds...
2026-08-28 11:46:31,197 | INFO | Fetching prices...
2026-08-28 11:46:31,600 | INFO | Prices fetched: {'bitcoin': Decimal('79604.50333261928'), 'ethereum': Decimal('2495.502640888823'), 'celestia': Decimal('0.35325648122472153'), 'litecoin': Decimal('49.190898464022844')}
2026-08-28 11:46:31,613 | INFO | Sleeping for 60 seconds...
2026-08-28 11:47:31,618 | INFO | Fetching prices...
2026-08-28 11:47:31,969 | INFO | Prices fetched: {'bitcoin': Decimal('79627.52513379147'), 'ethereum': Decimal('2495.4839888816045'), 'celestia': Decimal('0.35309016618846195'), 'litecoin': Decimal('49.20111211194056')}
2026-08-28 11:47:31,971 | INFO | Sleeping for 60 seconds...
2026-08-28 11:48:31,971 | INFO | Fetching prices...
2026-08-28 11:48:32,393 | INFO | Prices fetched: {'bitcoin': Decimal('79632.73010885522'), 'ethereum': Decimal('2495.791287747023'), 'celestia': Decimal('0.3530163658419376'), 'litecoin': Decimal('49.202492846531904')}
2026-08-28 11:48:32,407 | INFO | Sleeping for 60 seconds...
2026-08-28 11:49:32,415 | INFO | Fetching prices...
2026-08-28 11:49:32,780 | INFO | Prices fetched: {'bitcoin': Decimal('79621.31392856014'), 'ethereum': Decimal('2496.090804343049'), 'celestia': Decimal('0.35321983349860303'), 'litecoin': Decimal('49.206341473734795')}
2026-08-28 11:49:32,801 | INFO | Sleeping for 60 seconds...
2026-08-28 11:50:32,805 | INFO | Fetching prices...
2026-08-28 11:50:33,173 | INFO | Prices fetched: {'bitcoin': Decimal('79647.5105369557'), 'ethereum': Decimal('2496.305877017286'), 'celestia': Decimal('0.35337335673074705'), 'litecoin': Decimal('49.228162979421256')}
2026-08-28 11:50:33,187 | INFO | Sleeping for 60 seconds...
